\BOOKMARK [1][-]{section*.1}{\376\377\000R\000e\000m\000e\000r\000c\000i\000e\000m\000e\000n\000t\000s}{}% 1
\BOOKMARK [1][-]{section*.2}{\376\377\000R\000\351\000s\000u\000m\000\351}{}% 2
\BOOKMARK [1][-]{section*.3}{\376\377\000A\000b\000s\000t\000r\000a\000c\000t}{}% 3
\BOOKMARK [1][-]{section*.4}{\376\377\000G\000l\000o\000s\000s\000a\000i\000r\000e}{}% 4
\BOOKMARK [1][-]{section*.5}{\376\377\000L\000i\000s\000t\000e\000\040\000d\000e\000s\000\040\000f\000i\000g\000u\000r\000e\000s}{}% 5
\BOOKMARK [1][-]{section*.6}{\376\377\000L\000i\000s\000t\000e\000\040\000d\000e\000s\000\040\000t\000a\000b\000l\000e\000a\000u\000x}{}% 6
\BOOKMARK [1][-]{section*.7}{\376\377\000T\000a\000b\000l\000e\000\040\000d\000e\000s\000\040\000m\000a\000t\000i\000\350\000r\000e\000s}{}% 7
\BOOKMARK [1][-]{section*.7}{\376\377\000I\000n\000t\000r\000o\000d\000u\000c\000t\000i\000o\000n\000\040\000g\000\351\000n\000\351\000r\000a\000l\000e}{}% 8
\BOOKMARK [0][-]{chapter.1}{\376\377\000C\000a\000d\000r\000e\000\040\000d\000u\000\040\000p\000r\000o\000j\000e\000t}{}% 9
\BOOKMARK [1][-]{section.1.1}{\376\377\000P\000r\000\351\000s\000e\000n\000t\000a\000t\000i\000o\000n\000\040\000d\000e\000\040\000l\000'\000o\000r\000g\000a\000n\000i\000s\000m\000e\000\040\000d\000'\000a\000c\000c\000u\000e\000i\000l\000\040\000\050\000T\000a\000m\000t\000a\000m\000\040\000I\000n\000t\000e\000r\000n\000a\000t\000i\000o\000n\000a\000l\000\051}{chapter.1}% 10
\BOOKMARK [2][-]{subsection.1.1.1}{\376\377\000F\000o\000n\000d\000a\000t\000e\000u\000r\000\040\000T\000a\000m\000t\000a\000m\000\040\000I\000n\000t\000e\000r\000n\000a\000t\000i\000o\000n\000a\000l}{section.1.1}% 11
\BOOKMARK [2][-]{subsection.1.1.2}{\376\377\000L\000'\000o\000r\000i\000g\000i\000n\000e\000\040\000d\000e\000\040\000l\000a\000\040\000n\000o\000m\000i\000n\000a\000t\000i\000o\000n\000\040\000T\000a\000m\000t\000a\000m}{section.1.1}% 12
\BOOKMARK [2][-]{subsection.1.1.3}{\376\377\000A\000c\000t\000i\000v\000i\000t\000\351\000\040\000d\000e\000\040\000T\000a\000m\000t\000a\000m\000\040\000I\000n\000t\000e\000r\000n\000a\000t\000i\000o\000n\000a\000l}{section.1.1}% 13
\BOOKMARK [2][-]{subsection.1.1.4}{\376\377\000P\000r\000o\000d\000u\000i\000t\000s\000\040\000d\000e\000\040\000T\000a\000m\000t\000a\000m\000\040\000I\000n\000t\000e\000r\000n\000a\000t\000i\000o\000n\000a\000l}{section.1.1}% 14
\BOOKMARK [2][-]{subsection.1.1.5}{\376\377\000C\000l\000i\000e\000n\000t\000s\000\040\000d\000e\000\040\000T\000a\000m\000t\000a\000m\000\040\000I\000n\000t\000e\000r\000n\000a\000t\000i\000o\000n\000a\000l}{section.1.1}% 15
\BOOKMARK [1][-]{section.1.2}{\376\377\000P\000r\000\351\000s\000e\000n\000t\000a\000t\000i\000o\000n\000\040\000d\000u\000\040\000p\000r\000o\000j\000e\000t\000\040\000d\000e\000\040\000s\000t\000a\000g\000e}{chapter.1}% 16
\BOOKMARK [2][-]{subsection.1.2.1}{\376\377\000P\000r\000o\000b\000l\000\351\000m\000a\000t\000i\000q\000u\000e}{section.1.2}% 17
\BOOKMARK [2][-]{subsection.1.2.2}{\376\377\000O\000b\000j\000e\000c\000t\000i\000f\000s\000\040\000\340\000\040\000a\000t\000t\000e\000i\000n\000d\000r\000e}{section.1.2}% 18
\BOOKMARK [1][-]{section.1.3}{\376\377\000G\000e\000s\000t\000i\000o\000n\000\040\000d\000e\000s\000\040\000t\000\342\000c\000h\000e\000s\000\040\000e\000t\000\040\000s\000u\000i\000v\000i\000s}{chapter.1}% 19
\BOOKMARK [2][-]{subsection.1.3.1}{\376\377\000S\000p\000r\000i\000n\000t\000\040\0001}{section.1.3}% 20
\BOOKMARK [2][-]{subsection.1.3.2}{\376\377\000S\000p\000r\000i\000n\000t\000\040\0002}{section.1.3}% 21
\BOOKMARK [2][-]{subsection.1.3.3}{\376\377\000S\000p\000r\000i\000n\000t\000\040\0003}{section.1.3}% 22
\BOOKMARK [2][-]{subsection.1.3.4}{\376\377\000S\000p\000r\000i\000n\000t\000\040\0004}{section.1.3}% 23
\BOOKMARK [1][-]{section.1.4}{\376\377\000C\000o\000n\000c\000l\000u\000s\000i\000o\000n}{chapter.1}% 24
\BOOKMARK [0][-]{chapter.2}{\376\377\000A\000n\000a\000l\000y\000s\000e\000\040\000e\000t\000\040\000C\000o\000n\000c\000e\000p\000t\000i\000o\000n}{}% 25
\BOOKMARK [1][-]{section.2.1}{\376\377\000I\000n\000t\000r\000o\000d\000u\000c\000t\000i\000o\000n}{chapter.2}% 26
\BOOKMARK [1][-]{section.2.2}{\376\377\000D\000i\000a\000g\000r\000a\000m\000m\000e\000s\000\040\000U\000M\000L}{chapter.2}% 27
\BOOKMARK [2][-]{subsection.2.2.1}{\376\377\000M\000o\000d\000u\000l\000e\000\040\000W\000e\000b\000i\000n\000a\000r}{section.2.2}% 28
\BOOKMARK [3][-]{subsubsection.2.2.1.1}{\376\377\000D\000i\000a\000g\000r\000a\000m\000m\000e\000\040\000B\000\352\000t\000e\000\040\000\340\000\040\000C\000o\000r\000n\000e\000s}{subsection.2.2.1}% 29
\BOOKMARK [3][-]{subsubsection.2.2.1.2}{\376\377\000C\000a\000s\000\040\000d\000'\000u\000t\000i\000l\000i\000s\000a\000t\000i\000o\000n\000\040\000p\000a\000r\000\040\000a\000c\000t\000e\000u\000r}{subsection.2.2.1}% 30
\BOOKMARK [3][-]{subsubsection.2.2.1.3}{\376\377\000D\000i\000a\000g\000r\000a\000m\000m\000e\000s\000\040\000d\000e\000\040\000s\000\351\000q\000u\000e\000n\000c\000e}{subsection.2.2.1}% 31
\BOOKMARK [3][-]{subsubsection.2.2.1.4}{\376\377\000D\000i\000a\000g\000r\000a\000m\000m\000e\000\040\000d\000e\000\040\000c\000l\000a\000s\000s\000e\000s}{subsection.2.2.1}% 32
\BOOKMARK [2][-]{subsection.2.2.2}{\376\377\000M\000o\000d\000u\000l\000e\000\040\000O\000f\000f\000C\000o\000u\000r\000s\000e}{section.2.2}% 33
\BOOKMARK [3][-]{subsubsection.2.2.2.1}{\376\377\000D\000i\000a\000g\000r\000a\000m\000m\000e\000\040\000B\000\352\000t\000e\000\040\000\340\000\040\000C\000o\000r\000n\000e\000s}{subsection.2.2.2}% 34
\BOOKMARK [3][-]{subsubsection.2.2.2.2}{\376\377\000D\000i\000a\000g\000r\000a\000m\000m\000e\000\040\000d\000e\000\040\000c\000a\000s\000\040\000d\000'\000u\000t\000i\000l\000i\000s\000a\000t\000i\000o\000n}{subsection.2.2.2}% 35
\BOOKMARK [3][-]{subsubsection.2.2.2.3}{\376\377\000D\000i\000a\000g\000r\000a\000m\000m\000e\000\040\000d\000e\000\040\000s\000\351\000q\000u\000e\000n\000c\000e\000\040\040\024\000\040\000U\000t\000i\000l\000i\000s\000a\000t\000e\000u\000r\000\040\000O\000f\000f\000C\000o\000u\000r\000s\000e}{subsection.2.2.2}% 36
\BOOKMARK [2][-]{subsection.2.2.3}{\376\377\000U\000n\000i\000t\000e\000d\000\040\000A\000s\000s\000o\000c\000i\000a\000t\000e}{section.2.2}% 37
\BOOKMARK [3][-]{subsubsection.2.2.3.1}{\376\377\000D\000i\000a\000g\000r\000a\000m\000m\000e\000\040\000d\000e\000\040\000c\000a\000s\000\040\000d\000'\000u\000t\000i\000l\000i\000s\000a\000t\000i\000o\000n}{subsection.2.2.3}% 38
\BOOKMARK [3][-]{subsubsection.2.2.3.2}{\376\377\000D\000i\000a\000g\000r\000a\000m\000m\000e\000\040\000d\000e\000\040\000s\000\351\000q\000u\000e\000n\000c\000e\000\040\040\024\000\040\000A\000d\000m\000i\000n\000i\000s\000t\000r\000a\000t\000e\000u\000r\000\040\000U\000n\000i\000t\000e\000d\000\040\000A\000s\000s\000o\000c\000i\000a\000t\000e}{subsection.2.2.3}% 39
\BOOKMARK [3][-]{subsubsection.2.2.3.3}{\376\377\000M\000o\000d\000\350\000l\000e\000\040\000d\000u\000\040\000d\000o\000m\000a\000i\000n\000e}{subsection.2.2.3}% 40
\BOOKMARK [1][-]{section.2.3}{\376\377\000C\000o\000n\000c\000l\000u\000s\000i\000o\000n}{chapter.2}% 41
\BOOKMARK [0][-]{chapter.3}{\376\377\000\311\000t\000u\000d\000e\000\040\000t\000e\000c\000h\000n\000i\000q\000u\000e}{}% 42
\BOOKMARK [1][-]{section.3.1}{\376\377\000I\000n\000t\000r\000o\000d\000u\000c\000t\000i\000o\000n}{chapter.3}% 43
\BOOKMARK [1][-]{section.3.2}{\376\377\000A\000r\000c\000h\000i\000t\000e\000c\000t\000u\000r\000e\000\040\000d\000u\000\040\000p\000r\000o\000j\000e\000t}{chapter.3}% 44
\BOOKMARK [2][-]{subsection.3.2.1}{\376\377\000A\000r\000c\000h\000i\000t\000e\000c\000t\000u\000r\000e\000\040\000p\000h\000y\000s\000i\000q\000u\000e}{section.3.2}% 45
\BOOKMARK [2][-]{subsection.3.2.2}{\376\377\000A\000r\000c\000h\000i\000t\000e\000c\000t\000u\000r\000e\000\040\000l\000o\000g\000i\000q\000u\000e}{section.3.2}% 46
\BOOKMARK [3][-]{subsubsection.3.2.2.1}{\376\377\000L\000'\000a\000r\000c\000h\000i\000t\000e\000c\000t\000u\000r\000e\000\040\000C\000l\000i\000e\000n\000t\000-\000S\000e\000r\000v\000e\000u\000r\000\040\000s\000o\000u\000s\000\040\000M\000e\000t\000e\000o\000r\000J\000S}{subsection.3.2.2}% 47
\BOOKMARK [3][-]{subsubsection.3.2.2.2}{\376\377\000S\000t\000r\000u\000c\000t\000u\000r\000e\000\040\000d\000u\000\040\000d\000o\000s\000s\000i\000e\000r\000\040\000s\000e\000r\000v\000e\000r}{subsection.3.2.2}% 48
\BOOKMARK [3][-]{subsubsection.3.2.2.3}{\376\377\000S\000t\000r\000u\000c\000t\000u\000r\000e\000\040\000d\000u\000\040\000d\000o\000s\000s\000i\000e\000r\000\040\000c\000l\000i\000e\000n\000t}{subsection.3.2.2}% 49
\BOOKMARK [1][-]{section.3.3}{\376\377\000Q\000u\000a\000l\000i\000t\000\351\000\040\000d\000e\000\040\000c\000o\000d\000e}{chapter.3}% 50
\BOOKMARK [2][-]{subsection.3.3.1}{\376\377\000O\000u\000t\000i\000l\000s\000\040\000d\000e\000\040\000l\000i\000n\000t\000i\000n\000g}{section.3.3}% 51
\BOOKMARK [2][-]{subsection.3.3.2}{\376\377\000G\000i\000t\000\040\000H\000o\000o\000k\000s}{section.3.3}% 52
\BOOKMARK [2][-]{subsection.3.3.3}{\376\377\000C\000o\000n\000v\000e\000n\000t\000i\000o\000n\000a\000l\000\040\000C\000o\000m\000m\000i\000t\000s}{section.3.3}% 53
\BOOKMARK [1][-]{section.3.4}{\376\377\000S\000p\000\351\000c\000i\000f\000i\000c\000a\000t\000i\000o\000n\000\040\000t\000e\000c\000h\000n\000o\000l\000o\000g\000i\000q\000u\000e}{chapter.3}% 54
\BOOKMARK [2][-]{subsection.3.4.1}{\376\377\000O\000u\000t\000i\000l\000s\000\040\000d\000e\000\040\000d\000\351\000v\000e\000l\000o\000p\000p\000e\000m\000e\000n\000t}{section.3.4}% 55
\BOOKMARK [2][-]{subsection.3.4.2}{\376\377\000G\000i\000t\000H\000u\000b\000\040\000A\000c\000t\000i\000o\000n\000s}{section.3.4}% 56
\BOOKMARK [3][-]{subsubsection.3.4.2.1}{\376\377\000C\000y\000c\000l\000e\000\040\000c\000o\000m\000p\000l\000e\000t\000\040\000d\000u\000\040\000p\000i\000p\000e\000l\000i\000n\000e\000\040\000C\000I\000/\000C\000D}{subsection.3.4.2}% 57
\BOOKMARK [2][-]{subsection.3.4.3}{\376\377\000R\000e\000l\000e\000a\000s\000e\000\040\000a\000u\000t\000o\000m\000a\000t\000i\000o\000n}{section.3.4}% 58
\BOOKMARK [1][-]{section.3.5}{\376\377\000A\000r\000c\000h\000i\000t\000e\000c\000t\000u\000r\000e\000\040\000d\000e\000\040\000d\000\351\000p\000l\000o\000i\000e\000m\000e\000n\000t}{chapter.3}% 59
\BOOKMARK [2][-]{subsection.3.5.1}{\376\377\000I\000n\000f\000r\000a\000s\000t\000r\000u\000c\000t\000u\000r\000e\000\040\000d\000e\000\040\000p\000r\000o\000d\000u\000c\000t\000i\000o\000n}{section.3.5}% 60
\BOOKMARK [2][-]{subsection.3.5.2}{\376\377\000C\000a\000r\000a\000c\000t\000\351\000r\000i\000s\000t\000i\000q\000u\000e\000s\000\040\000d\000e\000\040\000l\000'\000i\000n\000f\000r\000a\000s\000t\000r\000u\000c\000t\000u\000r\000e}{section.3.5}% 61
\BOOKMARK [1][-]{section.3.6}{\376\377\000C\000o\000n\000c\000l\000u\000s\000i\000o\000n}{chapter.3}% 62
\BOOKMARK [0][-]{chapter.4}{\376\377\000R\000\351\000a\000l\000i\000s\000a\000t\000i\000o\000n}{}% 63
\BOOKMARK [1][-]{section.4.1}{\376\377\000I\000n\000t\000r\000o\000d\000u\000c\000t\000i\000o\000n}{chapter.4}% 64
\BOOKMARK [1][-]{section.4.2}{\376\377\000P\000r\000\351\000s\000e\000n\000t\000a\000t\000i\000o\000n\000\040\000d\000e\000\040\000l\000a\000\040\000p\000l\000a\000t\000e\000f\000o\000r\000m\000e}{chapter.4}% 65
\BOOKMARK [2][-]{subsection.4.2.1}{\376\377\000I\000n\000t\000e\000r\000f\000a\000c\000e\000\040\000d\000'\000a\000u\000t\000h\000e\000n\000t\000i\000f\000i\000c\000a\000t\000i\000o\000n}{section.4.2}% 66
\BOOKMARK [2][-]{subsection.4.2.2}{\376\377\000I\000n\000t\000e\000r\000f\000a\000c\000e\000\040\000d\000e\000\040\000l\000a\000\040\000p\000a\000g\000e\000\040\000a\000d\000m\000i\000n\000i\000s\000t\000r\000a\000t\000e\000u\000r}{section.4.2}% 67
\BOOKMARK [3][-]{subsubsection.4.2.2.1}{\376\377\000G\000e\000s\000t\000i\000o\000n\000\040\000d\000e\000s\000\040\000w\000e\000b\000i\000n\000a\000i\000r\000e\000s}{subsection.4.2.2}% 68
\BOOKMARK [3][-]{subsubsection.4.2.2.2}{\376\377\000C\000o\000n\000f\000i\000g\000u\000r\000a\000t\000i\000o\000n\000\040\000d\000e\000s\000\040\000s\000o\000n\000d\000a\000g\000e\000s\000\040\000a\000u\000t\000o\000m\000a\000t\000i\000q\000u\000e\000s}{subsection.4.2.2}% 69
\BOOKMARK [3][-]{subsubsection.4.2.2.3}{\376\377\000C\000o\000n\000f\000i\000g\000u\000r\000a\000t\000i\000o\000n\000\040\000d\000e\000s\000\040\000q\000u\000e\000s\000t\000i\000o\000n\000s\000\040\000a\000u\000t\000o\000m\000a\000t\000i\000q\000u\000e\000s}{subsection.4.2.2}% 70
\BOOKMARK [3][-]{subsubsection.4.2.2.4}{\376\377\000G\000e\000s\000t\000i\000o\000n\000\040\000d\000e\000s\000\040\000a\000d\000m\000i\000n\000i\000s\000t\000r\000a\000t\000e\000u\000r\000s}{subsection.4.2.2}% 71
\BOOKMARK [2][-]{subsection.4.2.3}{\376\377\000A\000c\000t\000i\000v\000i\000t\000\351\000s\000\040\000l\000o\000r\000s\000\040\000d\000u\000\040\000w\000e\000b\000i\000n\000a\000i\000r\000e}{section.4.2}% 72
\BOOKMARK [3][-]{subsubsection.4.2.3.1}{\376\377\000O\000n\000g\000l\000e\000t\000\040\000P\000a\000r\000t\000i\000c\000i\000p\000a\000n\000t\000s}{subsection.4.2.3}% 73
\BOOKMARK [3][-]{subsubsection.4.2.3.2}{\376\377\000O\000n\000g\000l\000e\000t\000\040\000C\000o\000n\000v\000e\000r\000s\000a\000t\000i\000o\000n}{subsection.4.2.3}% 74
\BOOKMARK [3][-]{subsubsection.4.2.3.3}{\376\377\000O\000n\000g\000l\000e\000t\000\040\000Q\000u\000e\000s\000t\000i\000o\000n\000s\000\040\000/\000\040\000R\000\351\000p\000o\000n\000s\000e\000s}{subsection.4.2.3}% 75
\BOOKMARK [3][-]{subsubsection.4.2.3.4}{\376\377\000O\000n\000g\000l\000e\000t\000\040\000S\000o\000n\000d\000a\000g\000e\000s}{subsection.4.2.3}% 76
\BOOKMARK [3][-]{subsubsection.4.2.3.5}{\376\377\000O\000n\000g\000l\000e\000t\000\040\000A\000n\000n\000o\000n\000c\000e\000s}{subsection.4.2.3}% 77
\BOOKMARK [3][-]{subsubsection.4.2.3.6}{\376\377\000O\000n\000g\000l\000e\000t\000\040\000D\000o\000c\000u\000m\000e\000n\000t\000s}{subsection.4.2.3}% 78
\BOOKMARK [3][-]{subsubsection.4.2.3.7}{\376\377\000O\000n\000g\000l\000e\000t\000\040\000E\000x\000a\000m\000e\000n\000\040\000F\000i\000n\000a\000l}{subsection.4.2.3}% 79
\BOOKMARK [3][-]{subsubsection.4.2.3.8}{\376\377\000O\000n\000g\000l\000e\000t\000\040\000L\000i\000v\000e\000\040\000C\000o\000n\000f\000i\000g}{subsection.4.2.3}% 80
\BOOKMARK [2][-]{subsection.4.2.4}{\376\377\000S\000y\000s\000t\000\350\000m\000e\000\040\000d\000e\000\040\000p\000i\000l\000o\000t\000a\000g\000e\000\040\000e\000t\000\040\000d\000e\000\040\000p\000r\000o\000m\000p\000t\000e\000u\000r}{section.4.2}% 81
\BOOKMARK [3][-]{subsubsection.4.2.4.1}{\376\377\000A\000j\000o\000u\000t\000\040\000d\000'\000i\000m\000a\000g\000e\000s\000\040\000e\000t\000\040\000g\000e\000s\000t\000i\000o\000n\000\040\000d\000e\000s\000\040\000t\000a\000g\000s}{subsection.4.2.4}% 82
\BOOKMARK [3][-]{subsubsection.4.2.4.2}{\376\377\000P\000r\000o\000m\000p\000t\000e\000u\000r\000\040\000R\000\351\000g\000i\000e}{subsection.4.2.4}% 83
\BOOKMARK [3][-]{subsubsection.4.2.4.3}{\376\377\000P\000r\000o\000m\000p\000t\000e\000u\000r\000\040\000P\000u\000b\000l\000i\000c}{subsection.4.2.4}% 84
\BOOKMARK [3][-]{subsubsection.4.2.4.4}{\376\377\000P\000r\000o\000m\000p\000t\000e\000u\000r\000\040\000C\000o\000m\000p\000t\000e\000u\000r}{subsection.4.2.4}% 85
\BOOKMARK [3][-]{subsubsection.4.2.4.5}{\376\377\000P\000r\000o\000m\000p\000t\000e\000u\000r\000\040\000P\000r\000\351\000s\000e\000n\000t\000a\000t\000e\000u\000r}{subsection.4.2.4}% 86
\BOOKMARK [3][-]{subsubsection.4.2.4.6}{\376\377\000T\000\351\000l\000\351\000c\000o\000m\000m\000a\000n\000d\000e}{subsection.4.2.4}% 87
\BOOKMARK [2][-]{subsection.4.2.5}{\376\377\000I\000n\000t\000e\000r\000f\000a\000c\000e\000\040\000d\000e\000\040\000c\000l\000\364\000t\000u\000r\000e\000\040\000d\000u\000\040\000w\000e\000b\000i\000n\000a\000i\000r\000e\000\040\000\050\000C\000l\000o\000s\000i\000n\000g\000P\000a\000g\000e\000\051}{section.4.2}% 88
\BOOKMARK [1][-]{section.4.3}{\376\377\000F\000o\000n\000c\000t\000i\000o\000n\000n\000a\000l\000i\000t\000\351\000s\000\040\000t\000r\000a\000n\000s\000v\000e\000r\000s\000a\000l\000e\000s}{chapter.4}% 89
\BOOKMARK [2][-]{subsection.4.3.1}{\376\377\000S\000y\000s\000t\000\350\000m\000e\000\040\000d\000e\000\040\000n\000o\000t\000i\000f\000i\000c\000a\000t\000i\000o\000n\000s}{section.4.3}% 90
\BOOKMARK [2][-]{subsection.4.3.2}{\376\377\000G\000e\000s\000t\000i\000o\000n\000\040\000d\000e\000s\000\040\000r\000\364\000l\000e\000s\000\040\000e\000t\000\040\000d\000e\000s\000\040\000d\000r\000o\000i\000t\000s\000\040\000d\000'\000a\000c\000c\000\350\000s}{section.4.3}% 91
\BOOKMARK [2][-]{subsection.4.3.3}{\376\377\000S\000y\000s\000t\000\350\000m\000e\000\040\000d\000e\000\040\000r\000e\000p\000o\000r\000t\000i\000n\000g}{section.4.3}% 92
\BOOKMARK [1][-]{section.4.4}{\376\377\000C\000o\000n\000c\000l\000u\000s\000i\000o\000n}{chapter.4}% 93
\BOOKMARK [0][-]{chapter*.81}{\376\377\000C\000o\000n\000c\000l\000u\000s\000i\000o\000n\000\040\000G\000\351\000n\000\351\000r\000a\000l\000e\000\040\000e\000t\000\040\000P\000e\000r\000s\000p\000e\000c\000t\000i\000v\000e\000s}{}% 94
\BOOKMARK [1][-]{section*.82}{\376\377\000R\000\351\000f\000\351\000r\000e\000n\000c\000e\000s\000\040\000b\000i\000b\000l\000i\000o\000g\000r\000a\000p\000h\000i\000q\000u\000e\000s}{chapter*.81}% 95
